MO fast_controls_ext NULL fast_controls_ext.v vlg75/fast__controls__ext.bin 1464887524
MO counter NULL counter.v vlg10/counter.bin 1464887524
MO fast_controls_int NULL fast_controls_int.v vlg27/fast__controls__int.bin 1464887524
MO control_emulator NULL control_emulator.v vlg0D/control__emulator.bin 1464887524
MO misc_controls NULL misc_controls.v vlg63/misc__controls.bin 1464887524
